Collecting numpy>=1.26
  Using cached numpy-2.2.6-cp310-cp310-win_amd64.whl (12.9 MB)
Collecting pandas>=2.0
  Using cached pandas-2.3.3-cp310-cp310-win_amd64.whl (11.3 MB)
Collecting streamlit>=1.37
  Downloading streamlit-1.64.0-py3-none-any.whl (10.1 MB)
     ---------------------------------------- 10.1/10.1 MB 2.7 MB/s eta 0:00:00
Collecting plotly>=5.20
  Downloading plotly-7.1.0-py3-none-any.whl (9.7 MB)
     ---------------------------------------- 9.7/9.7 MB 4.2 MB/s eta 0:00:00
Collecting py3dbp>=1.1.0
  Using cached py3dbp-1.1.2.tar.gz (4.3 kB)
  Preparing metadata (setup.py): started
  Preparing metadata (setup.py): finished with status 'done'
Collecting matplotlib>=3.5.0
  Using cached matplotlib-3.10.9-cp310-cp310-win_amd64.whl (8.2 MB)
Collecting openpyxl>=3.1.0
  Using cached openpyxl-3.1.5-py2.py3-none-any.whl (250 kB)
Collecting Pillow>=10.0
  Using cached pillow-12.3.0-cp310-cp310-win_amd64.whl (7.2 MB)
Collecting google-genai>=1.0.0
  Downloading google_genai-2.24.0-py3-none-any.whl (1.1 MB)
     ---------------------------------------- 1.1/1.1 MB 4.3 MB/s eta 0:00:00
Collecting python-dotenv>=1.0
  Using cached python_dotenv-1.2.3-py3-none-any.whl (22 kB)
Collecting python-docx>=1.2.0
  Downloading python_docx-1.2.0-py3-none-any.whl (252 kB)
     -------------------------------------- 253.0/253.0 kB 3.1 MB/s eta 0:00:00
Collecting pytz>=2020.1
  Downloading pytz-2026.3.post1-py2.py3-none-any.whl (508 kB)
     -------------------------------------- 508.3/508.3 kB 3.2 MB/s eta 0:00:00
Collecting python-dateutil>=2.8.2
  Using cached python_dateutil-2.9.0.post0-py2.py3-none-any.whl (229 kB)
Collecting tzdata>=2022.7
  Downloading tzdata-2026.4-py2.py3-none-any.whl (347 kB)
     -------------------------------------- 347.5/347.5 kB 3.1 MB/s eta 0:00:00
Collecting python-multipart<1,>=0.0.10
  Using cached python_multipart-0.0.32-py3-none-any.whl (30 kB)
Collecting click<9,>=7.0
  Downloading click-8.5.0-py3-none-any.whl (125 kB)
     -------------------------------------- 125.3/125.3 kB 2.4 MB/s eta 0:00:00
Collecting toml<2,>=0.10.1
  Using cached toml-0.10.2-py2.py3-none-any.whl (16 kB)
Collecting packaging>=20
  Downloading packaging-26.3-py3-none-any.whl (129 kB)
     -------------------------------------- 130.0/130.0 kB 2.6 MB/s eta 0:00:00
Collecting anyio<5,>=4.0.0
  Downloading anyio-4.15.1-py3-none-any.whl (132 kB)
     -------------------------------------- 132.1/132.1 kB 3.9 MB/s eta 0:00:00
Collecting typing-extensions<5,>=4.10.0
  Using cached typing_extensions-4.16.0-py3-none-any.whl (45 kB)
Collecting requests<3,>=2.27
  Using cached requests-2.34.2-py3-none-any.whl (73 kB)
Collecting watchdog<7,>=2.1.5
  Using cached watchdog-6.0.0-py3-none-win_amd64.whl (79 kB)
Collecting uvicorn<1,>=0.30.0
  Downloading uvicorn-0.53.0-py3-none-any.whl (87 kB)
     ---------------------------------------- 87.1/87.1 kB 2.5 MB/s eta 0:00:00
Collecting protobuf<8,>=5.26.1
  Downloading protobuf-7.36.2-cp310-abi3-win_amd64.whl (456 kB)
     -------------------------------------- 456.5/456.5 kB 3.6 MB/s eta 0:00:00
Collecting httptools<1,>=0.6.3
  Using cached httptools-0.8.0-cp310-cp310-win_amd64.whl (90 kB)
Collecting pydeck<1,>=0.8.0b4
  Using cached pydeck-0.9.3-py2.py3-none-any.whl (11.4 MB)
Collecting pyarrow!=25.0.0,<26,>=7.0
  Downloading pyarrow-25.0.1-cp310-cp310-win_amd64.whl (27.8 MB)
     ---------------------------------------- 27.8/27.8 MB 3.4 MB/s eta 0:00:00
Collecting altair!=5.4.0,!=5.4.1,<7,>=5.0.0
  Using cached altair-6.2.2-py3-none-any.whl (797 kB)
Collecting starlette<2,>=0.46.0
  Downloading starlette-1.6.0-py3-none-any.whl (75 kB)
     ---------------------------------------- 76.0/76.0 kB 2.1 MB/s eta 0:00:00
Collecting itsdangerous<3,>=2.1.2
  Using cached itsdangerous-2.2.0-py3-none-any.whl (16 kB)
Collecting websockets<17,>=12.0.0
  Downloading websockets-16.1.1-cp310-cp310-win_amd64.whl (180 kB)
     -------------------------------------- 180.2/180.2 kB 3.6 MB/s eta 0:00:00
Collecting narwhals>=1.15.1
  Downloading narwhals-2.26.0-py3-none-any.whl (474 kB)
     -------------------------------------- 474.0/474.0 kB 4.2 MB/s eta 0:00:00
Collecting kiwisolver>=1.3.1
  Downloading kiwisolver-1.5.1-cp310-cp310-win_amd64.whl (70 kB)
     ---------------------------------------- 70.6/70.6 kB 3.8 MB/s eta 0:00:00
Collecting cycler>=0.10
  Using cached cycler-0.12.1-py3-none-any.whl (8.3 kB)
Collecting contourpy>=1.0.1
  Using cached contourpy-1.3.2-cp310-cp310-win_amd64.whl (221 kB)
Collecting fonttools>=4.22.0
  Downloading fonttools-4.65.0-cp310-cp310-win_amd64.whl (1.6 MB)
     ---------------------------------------- 1.6/1.6 MB 3.0 MB/s eta 0:00:00
Collecting pyparsing>=3
  Using cached pyparsing-3.3.2-py3-none-any.whl (122 kB)
Collecting et-xmlfile
  Using cached et_xmlfile-2.0.0-py3-none-any.whl (18 kB)
Collecting tenacity<9.2.0,>=8.2.3
  Using cached tenacity-9.1.4-py3-none-any.whl (28 kB)
Collecting distro<2,>=1.7.0
  Using cached distro-1.9.0-py3-none-any.whl (20 kB)
Collecting sniffio
  Using cached sniffio-1.3.1-py3-none-any.whl (10 kB)
Collecting google-auth[requests]<3.0.0,>=2.56.0
  Downloading google_auth-2.58.0-py3-none-any.whl (262 kB)
     -------------------------------------- 262.4/262.4 kB 2.3 MB/s eta 0:00:00
Collecting httpx<1.0.0,>=0.28.1
  Using cached httpx-0.28.1-py3-none-any.whl (73 kB)
Collecting pydantic<3.0.0,>=2.12.5
  Using cached pydantic-2.13.5-py3-none-any.whl (472 kB)
Collecting lxml>=3.1.0
  Downloading lxml-6.1.3-cp310-cp310-win_amd64.whl (4.0 MB)
     ---------------------------------------- 4.0/4.0 MB 3.3 MB/s eta 0:00:00
Collecting jinja2
  Using cached jinja2-3.1.6-py3-none-any.whl (134 kB)
Collecting jsonschema>=3.0
  Using cached jsonschema-4.26.0-py3-none-any.whl (90 kB)
Collecting exceptiongroup>=1.0.2
  Using cached exceptiongroup-1.3.1-py3-none-any.whl (16 kB)
Collecting idna>=2.8
  Downloading idna-3.20-py3-none-any.whl (69 kB)
     ---------------------------------------- 69.6/69.6 kB 3.7 MB/s eta 0:00:00
Collecting cryptography>=38.0.3
  Using cached cryptography-50.0.1-cp39-abi3-win_amd64.whl (3.9 MB)
Collecting pyasn1-modules>=0.2.1
  Using cached pyasn1_modules-0.4.2-py3-none-any.whl (181 kB)
Collecting httpcore==1.*
  Using cached httpcore-1.0.9-py3-none-any.whl (78 kB)
Collecting certifi
  Downloading certifi-2026.7.22-py3-none-any.whl (136 kB)
     -------------------------------------- 137.0/137.0 kB 4.0 MB/s eta 0:00:00
Collecting h11>=0.16
  Using cached h11-0.16.0-py3-none-any.whl (37 kB)
Collecting pydantic-core==2.46.5
  Using cached pydantic_core-2.46.5-cp310-cp310-win_amd64.whl (2.0 MB)
Collecting annotated-types>=0.6.0
  Using cached annotated_types-0.8.0-py3-none-any.whl (13 kB)
Collecting typing-inspection>=0.4.2
  Using cached typing_inspection-0.4.4-py3-none-any.whl (14 kB)
Collecting six>=1.5
  Using cached six-1.17.0-py2.py3-none-any.whl (11 kB)
Collecting charset_normalizer<4,>=2
  Downloading charset_normalizer-3.5.1-cp310-cp310-win_amd64.whl (206 kB)
     -------------------------------------- 206.0/206.0 kB 2.1 MB/s eta 0:00:00
Collecting urllib3<3,>=1.26
  Downloading urllib3-2.8.0-py3-none-any.whl (135 kB)
     -------------------------------------- 135.7/135.7 kB 2.0 MB/s eta 0:00:00
Collecting cffi>=2.0.0
  Using cached cffi-2.1.1-cp310-cp310-win_amd64.whl (185 kB)
Collecting MarkupSafe>=2.0
  Using cached markupsafe-3.0.3-cp310-cp310-win_amd64.whl (15 kB)
Collecting attrs>=22.2.0
  Using cached attrs-26.1.0-py3-none-any.whl (67 kB)
Collecting jsonschema-specifications>=2023.03.6
  Using cached jsonschema_specifications-2025.9.1-py3-none-any.whl (18 kB)
Collecting referencing>=0.28.4
  Using cached referencing-0.37.0-py3-none-any.whl (26 kB)
Collecting rpds-py>=0.25.0
  Using cached rpds_py-0.30.0-cp310-cp310-win_amd64.whl (235 kB)
Collecting pyasn1<0.7.0,>=0.6.1
  Using cached pyasn1-0.6.4-py3-none-any.whl (84 kB)
Collecting pycparser
  Using cached pycparser-3.0-py3-none-any.whl (48 kB)
Installing collected packages: pytz, py3dbp, websockets, watchdog, urllib3, tzdata, typing-extensions, toml, tenacity, sniffio, six, rpds-py, python-multipart, python-dotenv, pyparsing, pycparser, pyasn1, pyarrow, protobuf, Pillow, packaging, numpy, narwhals, MarkupSafe, lxml, kiwisolver, itsdangerous, idna, httptools, h11, fonttools, et-xmlfile, distro, cycler, click, charset_normalizer, certifi, attrs, annotated-types, uvicorn, typing-inspection, requests, referencing, python-docx, python-dateutil, pydantic-core, pyasn1-modules, plotly, openpyxl, jinja2, httpcore, exceptiongroup, contourpy, cffi, pydeck, pydantic, pandas, matplotlib, jsonschema-specifications, cryptography, anyio, starlette, jsonschema, httpx, google-auth, altair, streamlit, google-genai
  Running setup.py install for py3dbp: started
  Running setup.py install for py3dbp: finished with status 'done'
Successfully installed MarkupSafe-3.0.3 Pillow-12.3.0 altair-6.2.2 annotated-types-0.8.0 anyio-4.15.1 attrs-26.1.0 certifi-2026.7.22 cffi-2.1.1 charset_normalizer-3.5.1 click-8.5.0 contourpy-1.3.2 cryptography-50.0.1 cycler-0.12.1 distro-1.9.0 et-xmlfile-2.0.0 exceptiongroup-1.3.1 fonttools-4.65.0 google-auth-2.58.0 google-genai-2.24.0 h11-0.16.0 httpcore-1.0.9 httptools-0.8.0 httpx-0.28.1 idna-3.20 itsdangerous-2.2.0 jinja2-3.1.6 jsonschema-4.26.0 jsonschema-specifications-2025.9.1 kiwisolver-1.5.1 lxml-6.1.3 matplotlib-3.10.9 narwhals-2.26.0 numpy-2.2.6 openpyxl-3.1.5 packaging-26.3 pandas-2.3.3 plotly-7.1.0 protobuf-7.36.2 py3dbp-1.1.2 pyarrow-25.0.1 pyasn1-0.6.4 pyasn1-modules-0.4.2 pycparser-3.0 pydantic-2.13.5 pydantic-core-2.46.5 pydeck-0.9.3 pyparsing-3.3.2 python-dateutil-2.9.0.post0 python-docx-1.2.0 python-dotenv-1.2.3 python-multipart-0.0.32 pytz-2026.3.post1 referencing-0.37.0 requests-2.34.2 rpds-py-0.30.0 six-1.17.0 sniffio-1.3.1 starlette-1.6.0 streamlit-1.64.0 tenacity-9.1.4 toml-0.10.2 typing-extensions-4.16.0 typing-inspection-0.4.4 tzdata-2026.4 urllib3-2.8.0 uvicorn-0.53.0 watchdog-6.0.0 websockets-16.1.1
